2022-10-21 10:52:46.136127 +0530 +0530 m=+4.698471043 write data to file:2022-10-21 10:52:50.168739 +0530 +0530 m=+8.731070376 write data to file:2022-10-21 10:52:50.172209 +0530 +0530 m=+8.734540293 write data to file:2022-10-21 10:52:54.160759 +0530 +0530 m=+12.723077585 write data to file:2022-10-21 10:52:56.148782 +0530 +0530 m=+14.711094126 write data to file:2022-10-21 10:53:01.15817 +0530 +0530 m=+19.720466001 write data to file:2022-10-21 10:53:01.397592 +0530 +0530 m=+19.959887335 write data to file: